/Users/hashteelab/Documents/trae_projects/face_detection/backend/app.py:83: DeprecationWarning: 
Eventlet is deprecated. It is currently being maintained in bugfix mode, and
we strongly recommend against using it for new projects.

If you are already using Eventlet, we recommend migrating to a different
framework.  For more detail see
https://eventlet.readthedocs.io/en/latest/asyncio/migration.html

  import eventlet
INFO:db_factory:Initializing Database Schemas...
INFO:db_factory:PostgreSQL Schema initialized.
INFO:db_factory:SQLite Schema initialized.
INFO:db_factory:Backup SQLite Schema initialized.
INFO:db_factory:Initializing Database Schemas...
INFO:db_factory:PostgreSQL Schema initialized.
INFO:db_factory:SQLite Schema initialized.
INFO:db_factory:Backup SQLite Schema initialized.
INFO:services.restoration_service:Starting restoration from /tmp/restore_8c8a737954bf03da.sqlite...
INFO:services.restoration_service:DEBUG: run_restore found 17 tables to process
INFO:services.restoration_service:  Processing table: vendors...
INFO:services.restoration_service:  Processing table: companies...
INFO:services.restoration_service:  Processing table: faces...
INFO:services.restoration_service:  Processing table: attendance...
INFO:services.restoration_service:  Processing table: system_users...
INFO:services.restoration_service:  Processing table: subscriptions...
INFO:services.restoration_service:  Processing table: active_sessions...
INFO:services.restoration_service:  Processing table: vendor_devices...
INFO:services.restoration_service:  Processing table: invoices...
INFO:services.restoration_service:  Processing table: audit_logs...
INFO:services.restoration_service:  Processing table: system_settings...
INFO:services.restoration_service:  Processing table: parent_users...
INFO:services.restoration_service:  Processing table: student_parents...
INFO:services.restoration_service:  Processing table: parent_tokens...
INFO:services.restoration_service:  Processing table: person_embeddings...
INFO:services.restoration_service:  Processing table: class_batches...
INFO:services.restoration_service:  Processing table: class_batch_items...
INFO:services.restoration_service:Restoration Complete Successfully.
INFO:services.archival_service:Starting automated data archival process...
INFO:services.archival_service:Archival complete. Total records moved: 0
