1 RLock(s) were not greened, to fix this error make sure you run eventlet.monkey_patch() before importing any other modules.
INFO:db_factory:SQLAlchemy initialized with postgres backend.
[CELERY] Initializing with broker: redis://127.0.0.1:6379/0
[CLEANUP] Background task started.
INFO:db_factory:Initializing Database Schemas...
INFO:db_factory:PostgreSQL Schema initialized.
INFO:db_factory:SQLite Schema initialized.
INFO:db_factory:Backup SQLite Schema initialized.
INFO:db_factory:PostgreSQL connection pool initialized (min=1, max=50)
INFO:backend:Superadmin seeded or already exists.
 
 -------------- worker1@Sudhanshu-Deshmukh.local v5.6.2 (recovery)
--- ***** ----- 
-- ******* ---- macOS-15.5-arm64-arm-64bit 2026-04-20 20:06:53
- *** --- * --- 
- ** ---------- [config]
- ** ---------- .> app:         face_backend:0x104896050
- ** ---------- .> transport:   redis://127.0.0.1:6379/0
- ** ---------- .> results:     redis://127.0.0.1:6379/0
- *** --- * --- .> concurrency: 1 (solo)
-- ******* ---- .> task events: OFF (enable -E to monitor tasks in this worker)
--- ***** ----- 
 -------------- [queues]
                .> celery           exchange=celery(direct) key=celery
                .> default          exchange=default(direct) key=default

[tasks]
  . tasks.detect_faces
  . tasks.process_class_batch_items
  . tasks.process_delete_vendor
  . tasks.process_registration_batch_items
  . tasks.process_vendor_creation
  . tasks.refresh_class_batch_items
  . tasks.search_embedding

[2026-04-20 20:06:53,439: INFO/MainProcess] Connected to redis://127.0.0.1:6379/0
[2026-04-20 20:06:53,440: INFO/MainProcess] mingle: searching for neighbors
[2026-04-20 20:06:54,446: INFO/MainProcess] mingle: all alone
[2026-04-20 20:07:12,488: INFO/MainProcess] worker1@Sudhanshu-Deshmukh.local ready.
[2026-04-20 20:07:14,496: INFO/MainProcess] Task tasks.process_class_batch_items[b8d7675b-c2f1-4ad4-a06a-72dac2df1525] received
